time=2026-01-11 00:23:26.757 | level=INFO | msg=starting_app | MZ0000 フローチャート作成 rev014 | by Auto (Cursor)
time=2026-01-11 00:24:07.581 | level=INFO | msg=app_terminated
time=2026-01-11 00:24:59.471 | level=INFO | msg=starting_app | MZ0000 フローチャート作成 rev014 | by Auto (Cursor)
time=2026-01-11 00:25:56.082 | level=INFO | msg=app_terminated
time=2026-01-11 00:26:34.609 | level=INFO | msg=starting_app | MZ0000 フローチャート作成 rev014 | by Auto (Cursor)
time=2026-01-11 00:26:38.860 | level=INFO | msg=app_terminated
time=2026-01-11 00:37:55.711 | level=INFO | msg=starting_app | MZ0000 フローチャート作成 rev014 | by Auto (Cursor)
time=2026-01-11 00:37:58.409 | level=INFO | msg=app_terminated
time=2026-01-11 00:41:46.060 | level=INFO | msg=starting_app | MZ0000 フローチャート作成 rev014 | by Auto (Cursor)
time=2026-01-11 00:41:52.171 | level=INFO | msg=app_terminated
time=2026-01-11 00:42:28.161 | level=INFO | msg=starting_app | MZ0000 フローチャート作成 rev014 | by Auto (Cursor)
time=2026-01-11 00:42:31.185 | level=INFO | msg=app_terminated
time=2026-01-11 00:43:08.549 | level=INFO | msg=starting_app | MZ0000 フローチャート作成 rev014 | by Auto (Cursor)
time=2026-01-11 00:43:15.826 | level=INFO | msg=app_terminated
time=2026-01-11 09:12:57.006 | level=INFO | msg=starting_app | MZ0000 フローチャート作成 rev014 | by Auto (Cursor)
time=2026-01-11 09:13:02.958 | level=INFO | msg=app_terminated
time=2026-01-11 09:46:24.586 | level=INFO | msg=starting_app | MZ0000 フローチャート作成 rev014 | by Auto (Cursor)
time=2026-01-11 09:46:28.539 | level=INFO | msg=app_terminated
time=2026-01-11 10:00:59.807 | level=INFO | msg=starting_app | MZ0000 フローチャート作成 rev014 | by Auto (Cursor)
time=2026-01-11 10:01:04.997 | level=INFO | msg=app_terminated
time=2026-01-11 12:46:10.754 | level=INFO | msg=starting_app | MZ0000 フローチャート作成 rev014 | by Auto (Cursor)
time=2026-01-11 12:46:17.065 | level=INFO | msg=app_terminated
time=2026-01-11 12:46:27.885 | level=INFO | msg=starting_app | MZ0000 フローチャート作成 rev014 | by Auto (Cursor)
time=2026-01-11 12:46:32.812 | level=INFO | msg=app_terminated
time=2026-01-12 07:39:16.053 | level=INFO | msg=starting_app | MZ0000 フローチャート作成 rev014 | by Auto (Cursor)
time=2026-01-12 07:39:21.599 | level=INFO | msg=app_terminated
time=2026-01-12 07:50:49.822 | level=INFO | msg=starting_app | MZ0000 フローチャート作成 rev014 | by Auto (Cursor)
time=2026-01-12 07:50:55.032 | level=INFO | msg=app_terminated
time=2026-01-12 07:51:32.873 | level=INFO | msg=starting_app | MZ0000 フローチャート作成 rev014 | by Auto (Cursor)
time=2026-01-12 07:51:36.325 | level=INFO | msg=app_terminated
time=2026-01-12 07:52:06.441 | level=INFO | msg=starting_app | MZ0000 フローチャート作成 rev014 | by Auto (Cursor)
time=2026-01-12 07:52:15.527 | level=INFO | msg=app_terminated
time=2026-01-12 08:04:48.730 | level=INFO | msg=starting_app | MZ0000 フローチャート作成 rev014 | by Auto (Cursor)
time=2026-01-12 08:05:02.518 | level=INFO | msg=draw_completed | group_name=Group 136
time=2026-01-12 08:05:14.900 | level=INFO | msg=draw_completed | group_name=Group 151
time=2026-01-12 08:05:23.811 | level=INFO | msg=app_terminated
time=2026-02-21 21:59:35.665 | level=INFO | msg=starting_app | MZ0000 フローチャート作成 rev014 | by Auto (Cursor)
time=2026-02-21 22:00:14.573 | level=INFO | msg=smart_palette_shape_created | type=端子 | position=(216.0, 75.0) | size=(160.0, 60.0)
time=2026-02-21 22:00:18.508 | level=INFO | msg=decision_group_created | group_name=Group 11 | members=['Diamond 4', 'TextBox 7', 'TextBox 10']
time=2026-02-21 22:00:18.508 | level=INFO | msg=smart_palette_shape_created | type=判断 | position=(216.0, 187.5) | size=(160.0, 78.0)
time=2026-02-21 22:00:23.725 | level=ERROR | msg=smart_input_failed | error=<unknown>.Cells
time=2026-02-21 22:00:26.317 | level=ERROR | msg=smart_input_failed | error=<unknown>.Cells
time=2026-02-21 22:00:31.740 | level=INFO | msg=smart_palette_shape_created | type=処理 | position=(162.0, 225.0) | size=(160.0, 60.0)
time=2026-02-21 22:00:37.965 | level=INFO | msg=smart_palette_shape_created | type=入出力 | position=(270.0, 225.0) | size=(160.0, 60.0)
time=2026-02-21 22:01:35.376 | level=INFO | msg=draw_completed | group_name=Group 69
time=2026-02-21 22:07:37.894 | level=INFO | msg=app_terminated
time=2026-02-21 22:07:44.523 | level=INFO | msg=starting_app | MZ0000 フローチャート作成 rev014 | by Auto (Cursor)
time=2026-02-21 22:08:05.492 | level=INFO | msg=draw_completed | group_name=Group 117
time=2026-02-21 22:58:12.993 | level=INFO | msg=app_terminated
